
> frontend@0.0.0 build
> vite build

[36mvite v8.0.16 [32mbuilding client environment for production...[36m[39m
[2K
transforming...Γ£ô 1859 modules transformed.
node.exe : [31mΓ£ù[39m Build failed in 584ms
At C:\Program Files\nodejs\npm.ps1:29 char:3
+   & $NODE_EXE $NPM_CLI_JS $args
+   ~~~~~~~~~~~~~~~~~~~~~~~~~~~~~
    + CategoryInfo          : NotSpecified: ([31mΓ£ù[39m Build failed in 584ms:String) [], RemoteException
    + FullyQualifiedErrorId : NativeCommandError
 
[31merror during build:
[31mBuild failed with 6 errors:

[31m[UNRESOLVED_IMPORT] [0mCould not resolve '../../hooks/useProfile' in 
src/components/student/StudentSettingsTab.jsx
   [38;5;246mΓò¡[0m[38;5;246mΓöÇ[0m[38;5;246m[[0m src/components/student/StudentSettingsTab.jsx:2:28 
[38;5;246m][0m
   [38;5;246mΓöé[0m
 [38;5;246m2 Γöé[0m 
[38;5;249mi[0m[38;5;249mm[0m[38;5;249mp[0m[38;5;249mo[0m[38;5;249mr[0m[38;5;249mt[0m[38;5;249m 
[0m[38;5;249m{[0m[38;5;249m [0m[38;5;249mu[0m[38;5;249ms[0m[38;5;249me[0m[38;5;249mP[0m[38;5;249mr[0m[3
8;5;249mo[0m[38;5;249mf[0m[38;5;249mi[0m[38;5;249ml[0m[38;5;249me[0m[38;5;249m 
[0m[38;5;249m}[0m[38;5;249m [0m[38;5;249mf[0m[38;5;249mr[0m[38;5;249mo[0m[38;5;249mm[0m[38;5;249m 
[0m"../../hooks/useProfile"[38;5;249m;[0m
 [38;5;240m  Γöé[0m                            
ΓöÇΓöÇΓöÇΓöÇΓöÇΓöÇΓöÇΓöÇΓöÇΓöÇΓöÇΓöÇΓö¼ΓöÇΓöÇΓöÇΓöÇΓöÇΓöÇΓöÇΓöÇΓöÇΓöÇΓöÇ  
 [38;5;240m  Γöé[0m                                        Γò░ΓöÇΓöÇΓöÇΓöÇΓöÇΓöÇΓöÇΓöÇΓöÇΓöÇΓöÇΓöÇΓöÇ Module not 
found.
 [38;5;240m  Γöé[0m 
 [38;5;240m  Γöé[0m [38;5;115mHelp[0m: 'src/components/student/StudentSettingsTab.jsx' is imported by the 
following path:
 [38;5;240m  Γöé[0m         - src/components/student/StudentSettingsTab.jsx
 [38;5;240m  Γöé[0m         - src/components/student/StudentProfileView.jsx
 [38;5;240m  Γöé[0m         - src/pages/common/ProfilePage.jsx
 [38;5;240m  Γöé[0m         - src/App.jsx
 [38;5;240m  Γöé[0m         - src/main.jsx
 [38;5;240m  Γöé[0m         - index.html
[38;5;246mΓöÇΓöÇΓöÇΓò»[0m

[31m[UNRESOLVED_IMPORT] [0mCould not resolve '../../hooks/useProfile' in 
src/components/company/CompanySettingsTab.jsx
   [38;5;246mΓò¡[0m[38;5;246mΓöÇ[0m[38;5;246m[[0m src/components/company/CompanySettingsTab.jsx:2:28 
[38;5;246m][0m
   [38;5;246mΓöé[0m
 [38;5;246m2 Γöé[0m 
[38;5;249mi[0m[38;5;249mm[0m[38;5;249mp[0m[38;5;249mo[0m[38;5;249mr[0m[38;5;249mt[0m[38;5;249m 
[0m[38;5;249m{[0m[38;5;249m [0m[38;5;249mu[0m[38;5;249ms[0m[38;5;249me[0m[38;5;249mP[0m[38;5;249mr[0m[3
8;5;249mo[0m[38;5;249mf[0m[38;5;249mi[0m[38;5;249ml[0m[38;5;249me[0m[38;5;249m 
[0m[38;5;249m}[0m[38;5;249m [0m[38;5;249mf[0m[38;5;249mr[0m[38;5;249mo[0m[38;5;249mm[0m[38;5;249m 
[0m"../../hooks/useProfile"[38;5;249m;[0m
 [38;5;240m  Γöé[0m                            
ΓöÇΓöÇΓöÇΓöÇΓöÇΓöÇΓöÇΓöÇΓöÇΓöÇΓöÇΓöÇΓö¼ΓöÇΓöÇΓöÇΓöÇΓöÇΓöÇΓöÇΓöÇΓöÇΓöÇΓöÇ  
 [38;5;240m  Γöé[0m                                        Γò░ΓöÇΓöÇΓöÇΓöÇΓöÇΓöÇΓöÇΓöÇΓöÇΓöÇΓöÇΓöÇΓöÇ Module not 
found.
 [38;5;240m  Γöé[0m 
 [38;5;240m  Γöé[0m [38;5;115mHelp[0m: 'src/components/company/CompanySettingsTab.jsx' is imported by the 
following path:
 [38;5;240m  Γöé[0m         - src/components/company/CompanySettingsTab.jsx
 [38;5;240m  Γöé[0m         - src/components/company/CompanyProfileView.jsx
 [38;5;240m  Γöé[0m         - src/pages/common/ProfilePage.jsx
 [38;5;240m  Γöé[0m         - src/App.jsx
 [38;5;240m  Γöé[0m         - src/main.jsx
 [38;5;240m  Γöé[0m         - index.html
[38;5;246mΓöÇΓöÇΓöÇΓò»[0m

[31m[UNRESOLVED_IMPORT] [0mCould not resolve '../../hooks/useProfile' in src/components/company/CompanyProfileTab.jsx
   [38;5;246mΓò¡[0m[38;5;246mΓöÇ[0m[38;5;246m[[0m src/components/company/CompanyProfileTab.jsx:2:28 
[38;5;246m][0m
   [38;5;246mΓöé[0m
 [38;5;246m2 Γöé[0m 
[38;5;249mi[0m[38;5;249mm[0m[38;5;249mp[0m[38;5;249mo[0m[38;5;249mr[0m[38;5;249mt[0m[38;5;249m 
[0m[38;5;249m{[0m[38;5;249m [0m[38;5;249mu[0m[38;5;249ms[0m[38;5;249me[0m[38;5;249mP[0m[38;5;249mr[0m[3
8;5;249mo[0m[38;5;249mf[0m[38;5;249mi[0m[38;5;249ml[0m[38;5;249me[0m[38;5;249m 
[0m[38;5;249m}[0m[38;5;249m [0m[38;5;249mf[0m[38;5;249mr[0m[38;5;249mo[0m[38;5;249mm[0m[38;5;249m 
[0m"../../hooks/useProfile"[38;5;249m;[0m
 [38;5;240m  Γöé[0m                            
ΓöÇΓöÇΓöÇΓöÇΓöÇΓöÇΓöÇΓöÇΓöÇΓöÇΓöÇΓöÇΓö¼ΓöÇΓöÇΓöÇΓöÇΓöÇΓöÇΓöÇΓöÇΓöÇΓöÇΓöÇ  
 [38;5;240m  Γöé[0m                                        Γò░ΓöÇΓöÇΓöÇΓöÇΓöÇΓöÇΓöÇΓöÇΓöÇΓöÇΓöÇΓöÇΓöÇ Module not 
found.
 [38;5;240m  Γöé[0m 
 [38;5;240m  Γöé[0m [38;5;115mHelp[0m: 'src/components/company/CompanyProfileTab.jsx' is imported by the following 
path:
 [38;5;240m  Γöé[0m         - src/components/company/CompanyProfileTab.jsx
 [38;5;240m  Γöé[0m         - src/components/company/CompanyProfileView.jsx
 [38;5;240m  Γöé[0m         - src/pages/common/ProfilePage.jsx
 [38;5;240m  Γöé[0m         - src/App.jsx
 [38;5;240m  Γöé[0m         - src/main.jsx
 [38;5;240m  Γöé[0m         - index.html
[38;5;246mΓöÇΓöÇΓöÇΓò»[0m

[31m[UNRESOLVED_IMPORT] [0mCould not resolve '../../hooks/useProfile' in src/components/student/StudentResumeTab.jsx
   [38;5;246mΓò¡[0m[38;5;246mΓöÇ[0m[38;5;246m[[0m src/components/student/StudentResumeTab.jsx:2:28 
[38;5;246m][0m
   [38;5;246mΓöé[0m
 [38;5;246m2 Γöé[0m 
[38;5;249mi[0m[38;5;249mm[0m[38;5;249mp[0m[38;5;249mo[0m[38;5;249mr[0m[38;5;249mt[0m[38;5;249m 
[0m[38;5;249m{[0m[38;5;249m [0m[38;5;249mu[0m[38;5;249ms[0m[38;5;249me[0m[38;5;249mP[0m[38;5;249mr[0m[3
8;5;249mo[0m[38;5;249mf[0m[38;5;249mi[0m[38;5;249ml[0m[38;5;249me[0m[38;5;249m 
[0m[38;5;249m}[0m[38;5;249m [0m[38;5;249mf[0m[38;5;249mr[0m[38;5;249mo[0m[38;5;249mm[0m[38;5;249m 
[0m"../../hooks/useProfile"[38;5;249m;[0m
 [38;5;240m  Γöé[0m                            
ΓöÇΓöÇΓöÇΓöÇΓöÇΓöÇΓöÇΓöÇΓöÇΓöÇΓöÇΓöÇΓö¼ΓöÇΓöÇΓöÇΓöÇΓöÇΓöÇΓöÇΓöÇΓöÇΓöÇΓöÇ  
 [38;5;240m  Γöé[0m                                        Γò░ΓöÇΓöÇΓöÇΓöÇΓöÇΓöÇΓöÇΓöÇΓöÇΓöÇΓöÇΓöÇΓöÇ Module not 
found.
 [38;5;240m  Γöé[0m 
 [38;5;240m  Γöé[0m [38;5;115mHelp[0m: 'src/components/student/StudentResumeTab.jsx' is imported by the following 
path:
 [38;5;240m  Γöé[0m         - src/components/student/StudentResumeTab.jsx
 [38;5;240m  Γöé[0m         - src/components/student/StudentProfileView.jsx
 [38;5;240m  Γöé[0m         - src/pages/common/ProfilePage.jsx
 [38;5;240m  Γöé[0m         - src/App.jsx
 [38;5;240m  Γöé[0m         - src/main.jsx
 [38;5;240m  Γöé[0m         - index.html
[38;5;246mΓöÇΓöÇΓöÇΓò»[0m

[31m[UNRESOLVED_IMPORT] [0mCould not resolve '../PdfViewer' in src/components/student/StudentResumeTab.jsx
   [38;5;246mΓò¡[0m[38;5;246mΓöÇ[0m[38;5;246m[[0m src/components/student/StudentResumeTab.jsx:5:27 
[38;5;246m][0m
   [38;5;246mΓöé[0m
 [38;5;246m5 Γöé[0m 
[38;5;249mi[0m[38;5;249mm[0m[38;5;249mp[0m[38;5;249mo[0m[38;5;249mr[0m[38;5;249mt[0m[38;5;249m 
[0m[38;5;249m{[0m[38;5;249m [0m[38;5;249mP[0m[38;5;249md[0m[38;5;249mf[0m[38;5;249mV[0m[38;5;249mi[0m[3
8;5;249me[0m[38;5;249mw[0m[38;5;249me[0m[38;5;249mr[0m[38;5;249m [0m[38;5;249m}[0m[38;5;249m 
[0m[38;5;249mf[0m[38;5;249mr[0m[38;5;249mo[0m[38;5;249mm[0m[38;5;249m [0m"../PdfViewer"[38;5;249m;[0m
 [38;5;240m  Γöé[0m                           ΓöÇΓöÇΓöÇΓöÇΓöÇΓöÇΓöÇΓö¼ΓöÇΓöÇΓöÇΓöÇΓöÇΓöÇ  
 [38;5;240m  Γöé[0m                                  Γò░ΓöÇΓöÇΓöÇΓöÇΓöÇΓöÇΓöÇΓöÇ Module not found.
 [38;5;240m  Γöé[0m 
 [38;5;240m  Γöé[0m [38;5;115mHelp[0m: 'src/components/student/StudentResumeTab.jsx' is imported by the following 
path:
 [38;5;240m  Γöé[0m         - src/components/student/StudentResumeTab.jsx
 [38;5;240m  Γöé[0m         - src/components/student/StudentProfileView.jsx
 [38;5;240m  Γöé[0m         - src/pages/common/ProfilePage.jsx
 [38;5;240m  Γöé[0m         - src/App.jsx
 [38;5;240m  Γöé[0m         - src/main.jsx
 [38;5;240m  Γöé[0m         - index.html
[38;5;246mΓöÇΓöÇΓöÇΓò»[0m

...[31m
    at aggregateBindingErrorsIntoJsError (file:///C:/Users/sriya/Documents/ATP/projects/smart-placement-tracker/fronten
d/node_modules/rolldown/dist/shared/error-BuvQYXuZ.mjs:48:18)
    at unwrapBindingResult (file:///C:/Users/sriya/Documents/ATP/projects/smart-placement-tracker/frontend/node_modules
/rolldown/dist/shared/error-BuvQYXuZ.mjs:18:128)
    at #build (file:///C:/Users/sriya/Documents/ATP/projects/smart-placement-tracker/frontend/node_modules/rolldown/dis
t/shared/rolldown-build-CrPk_lZe.mjs:3246:34)
    at async buildEnvironment (file:///C:/Users/sriya/Documents/ATP/projects/smart-placement-tracker/frontend/node_modu
les/vite/dist/node/chunks/node.js:33253:64)
    at async Object.build (file:///C:/Users/sriya/Documents/ATP/projects/smart-placement-tracker/frontend/node_modules/
vite/dist/node/chunks/node.js:33675:19)
    at async Object.buildApp (file:///C:/Users/sriya/Documents/ATP/projects/smart-placement-tracker/frontend/node_modul
es/vite/dist/node/chunks/node.js:33672:153)
    at async CAC.<anonymous> (file:///C:/Users/sriya/Documents/ATP/projects/smart-placement-tracker/frontend/node_modul
es/vite/dist/node/cli.js:777:3) {
  errors: [Getter/Setter]
}[39m
